------------------------------------------------------------
TimeQuest Timing Analyzer Summary
------------------------------------------------------------

Type  : Slow 1100mV 85C Model Setup 'clock'
Slack : -3.925
TNS   : -324.146

Type  : Slow 1100mV 85C Model Setup 'pllInst|pll_inst|altera_pll_i|general[0].gpll~PLL_OUTPUT_COUNTER|divclk'
Slack : 3.707
TNS   : 0.000

Type  : Slow 1100mV 85C Model Hold 'pllInst|pll_inst|altera_pll_i|general[0].gpll~PLL_OUTPUT_COUNTER|divclk'
Slack : 0.498
TNS   : 0.000

Type  : Slow 1100mV 85C Model Hold 'clock'
Slack : 0.520
TNS   : 0.000

Type  : Slow 1100mV 85C Model Minimum Pulse Width 'clock'
Slack : -3.166
TNS   : -749.810

Type  : Slow 1100mV 85C Model Minimum Pulse Width 'pllInst|pll_inst|altera_pll_i|general[0].gpll~FRACTIONAL_PLL|vcoph[0]'
Slack : 1.302
TNS   : 0.000

Type  : Slow 1100mV 85C Model Minimum Pulse Width 'pllInst|pll_inst|altera_pll_i|general[0].gpll~PLL_OUTPUT_COUNTER|divclk'
Slack : 3.635
TNS   : 0.000

Type  : Slow 1100mV 85C Model Minimum Pulse Width 'clk'
Slack : 20.799
TNS   : 0.000

Type  : Slow 1100mV 0C Model Setup 'clock'
Slack : -3.900
TNS   : -309.563

Type  : Slow 1100mV 0C Model Setup 'pllInst|pll_inst|altera_pll_i|general[0].gpll~PLL_OUTPUT_COUNTER|divclk'
Slack : 3.636
TNS   : 0.000

Type  : Slow 1100mV 0C Model Hold 'clock'
Slack : 0.499
TNS   : 0.000

Type  : Slow 1100mV 0C Model Hold 'pllInst|pll_inst|altera_pll_i|general[0].gpll~PLL_OUTPUT_COUNTER|divclk'
Slack : 0.518
TNS   : 0.000

Type  : Slow 1100mV 0C Model Minimum Pulse Width 'clock'
Slack : -3.166
TNS   : -744.375

Type  : Slow 1100mV 0C Model Minimum Pulse Width 'pllInst|pll_inst|altera_pll_i|general[0].gpll~FRACTIONAL_PLL|vcoph[0]'
Slack : 1.302
TNS   : 0.000

Type  : Slow 1100mV 0C Model Minimum Pulse Width 'pllInst|pll_inst|altera_pll_i|general[0].gpll~PLL_OUTPUT_COUNTER|divclk'
Slack : 3.573
TNS   : 0.000

Type  : Slow 1100mV 0C Model Minimum Pulse Width 'clk'
Slack : 20.767
TNS   : 0.000

Type  : Fast 1100mV 85C Model Setup 'clock'
Slack : -1.090
TNS   : -52.676

Type  : Fast 1100mV 85C Model Setup 'pllInst|pll_inst|altera_pll_i|general[0].gpll~PLL_OUTPUT_COUNTER|divclk'
Slack : 7.541
TNS   : 0.000

Type  : Fast 1100mV 85C Model Hold 'pllInst|pll_inst|altera_pll_i|general[0].gpll~PLL_OUTPUT_COUNTER|divclk'
Slack : 0.180
TNS   : 0.000

Type  : Fast 1100mV 85C Model Hold 'clock'
Slack : 0.181
TNS   : 0.000

Type  : Fast 1100mV 85C Model Minimum Pulse Width 'clock'
Slack : -2.174
TNS   : -518.098

Type  : Fast 1100mV 85C Model Minimum Pulse Width 'pllInst|pll_inst|altera_pll_i|general[0].gpll~FRACTIONAL_PLL|vcoph[0]'
Slack : 1.302
TNS   : 0.000

Type  : Fast 1100mV 85C Model Minimum Pulse Width 'pllInst|pll_inst|altera_pll_i|general[0].gpll~PLL_OUTPUT_COUNTER|divclk'
Slack : 4.093
TNS   : 0.000

Type  : Fast 1100mV 85C Model Minimum Pulse Width 'clk'
Slack : 20.476
TNS   : 0.000

Type  : Fast 1100mV 0C Model Setup 'clock'
Slack : -0.907
TNS   : -37.115

Type  : Fast 1100mV 0C Model Setup 'pllInst|pll_inst|altera_pll_i|general[0].gpll~PLL_OUTPUT_COUNTER|divclk'
Slack : 7.769
TNS   : 0.000

Type  : Fast 1100mV 0C Model Hold 'clock'
Slack : 0.170
TNS   : 0.000

Type  : Fast 1100mV 0C Model Hold 'pllInst|pll_inst|altera_pll_i|general[0].gpll~PLL_OUTPUT_COUNTER|divclk'
Slack : 0.171
TNS   : 0.000

Type  : Fast 1100mV 0C Model Minimum Pulse Width 'clock'
Slack : -2.174
TNS   : -528.655

Type  : Fast 1100mV 0C Model Minimum Pulse Width 'pllInst|pll_inst|altera_pll_i|general[0].gpll~FRACTIONAL_PLL|vcoph[0]'
Slack : 1.302
TNS   : 0.000

Type  : Fast 1100mV 0C Model Minimum Pulse Width 'pllInst|pll_inst|altera_pll_i|general[0].gpll~PLL_OUTPUT_COUNTER|divclk'
Slack : 4.094
TNS   : 0.000

Type  : Fast 1100mV 0C Model Minimum Pulse Width 'clk'
Slack : 20.465
TNS   : 0.000

------------------------------------------------------------
