------------------------------------------------------------
TimeQuest Timing Analyzer Summary
------------------------------------------------------------

Type  : Slow 1100mV 85C Model Setup 'clock'
Slack : -3.448
TNS   : -138.452

Type  : Slow 1100mV 85C Model Setup 'pllInst|pll_inst|altera_pll_i|general[0].gpll~PLL_OUTPUT_COUNTER|divclk'
Slack : 4.948
TNS   : 0.000

Type  : Slow 1100mV 85C Model Hold 'pllInst|pll_inst|altera_pll_i|general[0].gpll~PLL_OUTPUT_COUNTER|divclk'
Slack : 0.370
TNS   : 0.000

Type  : Slow 1100mV 85C Model Hold 'clock'
Slack : 0.466
TNS   : 0.000

Type  : Slow 1100mV 85C Model Minimum Pulse Width 'clock'
Slack : -3.166
TNS   : -255.581

Type  : Slow 1100mV 85C Model Minimum Pulse Width 'pllInst|pll_inst|altera_pll_i|general[0].gpll~FRACTIONAL_PLL|vcoph[0]'
Slack : 1.302
TNS   : 0.000

Type  : Slow 1100mV 85C Model Minimum Pulse Width 'pllInst|pll_inst|altera_pll_i|general[0].gpll~PLL_OUTPUT_COUNTER|divclk'
Slack : 3.643
TNS   : 0.000

Type  : Slow 1100mV 85C Model Minimum Pulse Width 'clk'
Slack : 20.799
TNS   : 0.000

Type  : Slow 1100mV 0C Model Setup 'clock'
Slack : -3.513
TNS   : -135.699

Type  : Slow 1100mV 0C Model Setup 'pllInst|pll_inst|altera_pll_i|general[0].gpll~PLL_OUTPUT_COUNTER|divclk'
Slack : 4.810
TNS   : 0.000

Type  : Slow 1100mV 0C Model Hold 'pllInst|pll_inst|altera_pll_i|general[0].gpll~PLL_OUTPUT_COUNTER|divclk'
Slack : 0.354
TNS   : 0.000

Type  : Slow 1100mV 0C Model Hold 'clock'
Slack : 0.450
TNS   : 0.000

Type  : Slow 1100mV 0C Model Minimum Pulse Width 'clock'
Slack : -3.166
TNS   : -247.889

Type  : Slow 1100mV 0C Model Minimum Pulse Width 'pllInst|pll_inst|altera_pll_i|general[0].gpll~FRACTIONAL_PLL|vcoph[0]'
Slack : 1.302
TNS   : 0.000

Type  : Slow 1100mV 0C Model Minimum Pulse Width 'pllInst|pll_inst|altera_pll_i|general[0].gpll~PLL_OUTPUT_COUNTER|divclk'
Slack : 3.573
TNS   : 0.000

Type  : Slow 1100mV 0C Model Minimum Pulse Width 'clk'
Slack : 20.767
TNS   : 0.000

Type  : Fast 1100mV 85C Model Setup 'clock'
Slack : -0.877
TNS   : -19.322

Type  : Fast 1100mV 85C Model Setup 'pllInst|pll_inst|altera_pll_i|general[0].gpll~PLL_OUTPUT_COUNTER|divclk'
Slack : 8.141
TNS   : 0.000

Type  : Fast 1100mV 85C Model Hold 'pllInst|pll_inst|altera_pll_i|general[0].gpll~PLL_OUTPUT_COUNTER|divclk'
Slack : 0.171
TNS   : 0.000

Type  : Fast 1100mV 85C Model Hold 'clock'
Slack : 0.180
TNS   : 0.000

Type  : Fast 1100mV 85C Model Minimum Pulse Width 'clock'
Slack : -2.174
TNS   : -186.098

Type  : Fast 1100mV 85C Model Minimum Pulse Width 'pllInst|pll_inst|altera_pll_i|general[0].gpll~FRACTIONAL_PLL|vcoph[0]'
Slack : 1.302
TNS   : 0.000

Type  : Fast 1100mV 85C Model Minimum Pulse Width 'pllInst|pll_inst|altera_pll_i|general[0].gpll~PLL_OUTPUT_COUNTER|divclk'
Slack : 4.097
TNS   : 0.000

Type  : Fast 1100mV 85C Model Minimum Pulse Width 'clk'
Slack : 20.476
TNS   : 0.000

Type  : Fast 1100mV 0C Model Setup 'clock'
Slack : -0.720
TNS   : -14.506

Type  : Fast 1100mV 0C Model Setup 'pllInst|pll_inst|altera_pll_i|general[0].gpll~PLL_OUTPUT_COUNTER|divclk'
Slack : 8.302
TNS   : 0.000

Type  : Fast 1100mV 0C Model Hold 'pllInst|pll_inst|altera_pll_i|general[0].gpll~PLL_OUTPUT_COUNTER|divclk'
Slack : 0.155
TNS   : 0.000

Type  : Fast 1100mV 0C Model Hold 'clock'
Slack : 0.171
TNS   : 0.000

Type  : Fast 1100mV 0C Model Minimum Pulse Width 'clock'
Slack : -2.174
TNS   : -185.534

Type  : Fast 1100mV 0C Model Minimum Pulse Width 'pllInst|pll_inst|altera_pll_i|general[0].gpll~FRACTIONAL_PLL|vcoph[0]'
Slack : 1.302
TNS   : 0.000

Type  : Fast 1100mV 0C Model Minimum Pulse Width 'pllInst|pll_inst|altera_pll_i|general[0].gpll~PLL_OUTPUT_COUNTER|divclk'
Slack : 4.098
TNS   : 0.000

Type  : Fast 1100mV 0C Model Minimum Pulse Width 'clk'
Slack : 20.465
TNS   : 0.000

------------------------------------------------------------
